------------------------------------------------------------
TimeQuest Timing Analyzer Summary
------------------------------------------------------------

Type  : Slow 1200mV 85C Model Setup 'controller:ctrl|as.S6'
Slack : -67.160
TNS   : -1133.976

Type  : Slow 1200mV 85C Model Setup 'controller:ctrl|as.S5'
Slack : -67.005
TNS   : -1140.135

Type  : Slow 1200mV 85C Model Setup 'clk'
Slack : -35.780
TNS   : -1440.620

Type  : Slow 1200mV 85C Model Setup 'b0'
Slack : -4.465
TNS   : -88.028

Type  : Slow 1200mV 85C Model Setup 'b3'
Slack : -0.963
TNS   : -4.430

Type  : Slow 1200mV 85C Model Setup 'clk_multiplier:clkm2|inst10'
Slack : -0.114
TNS   : -0.114

Type  : Slow 1200mV 85C Model Setup 'clk_multiplier:clkm1|inst3'
Slack : -0.087
TNS   : -0.087

Type  : Slow 1200mV 85C Model Setup 'clk_multiplier:clkm2|inst1'
Slack : -0.084
TNS   : -0.084

Type  : Slow 1200mV 85C Model Setup 'clk_multiplier:clkm2|inst'
Slack : -0.054
TNS   : -0.054

Type  : Slow 1200mV 85C Model Setup 'clk_multiplier:clkm2|inst2'
Slack : -0.038
TNS   : -0.038

Type  : Slow 1200mV 85C Model Setup 'clk_multiplier:clkm1|inst2'
Slack : -0.014
TNS   : -0.014

Type  : Slow 1200mV 85C Model Setup 'clk_multiplier:clkm1|inst9'
Slack : -0.001
TNS   : -0.001

Type  : Slow 1200mV 85C Model Setup 'sqr_in'
Slack : 0.015
TNS   : 0.000

Type  : Slow 1200mV 85C Model Setup 'clk_multiplier:clkm2|inst9'
Slack : 0.019
TNS   : 0.000

Type  : Slow 1200mV 85C Model Setup 'clk_multiplier:clkm1|inst7'
Slack : 0.023
TNS   : 0.000

Type  : Slow 1200mV 85C Model Setup 'clk_multiplier:clkm3|inst7'
Slack : 0.059
TNS   : 0.000

Type  : Slow 1200mV 85C Model Setup 'clk_multiplier:clkm1|inst'
Slack : 0.077
TNS   : 0.000

Type  : Slow 1200mV 85C Model Setup 'clk_multiplier:clkm1|inst8'
Slack : 0.094
TNS   : 0.000

Type  : Slow 1200mV 85C Model Setup 'clk_multiplier:clkm3|inst1'
Slack : 0.096
TNS   : 0.000

Type  : Slow 1200mV 85C Model Setup 'clk_multiplier:clkm2|inst8'
Slack : 0.116
TNS   : 0.000

Type  : Slow 1200mV 85C Model Setup 'clk_multiplier:clkm1|inst10'
Slack : 0.127
TNS   : 0.000

Type  : Slow 1200mV 85C Model Setup 'clk_multiplier:clkm2|inst7'
Slack : 0.139
TNS   : 0.000

Type  : Slow 1200mV 85C Model Setup 'clk_multiplier:clkm2|inst3'
Slack : 0.183
TNS   : 0.000

Type  : Slow 1200mV 85C Model Setup 'clk_multiplier:clkm3|inst2'
Slack : 0.210
TNS   : 0.000

Type  : Slow 1200mV 85C Model Setup 'clk_multiplier:clkm3|inst9'
Slack : 0.210
TNS   : 0.000

Type  : Slow 1200mV 85C Model Setup 'clk_multiplier:clkm1|inst1'
Slack : 0.228
TNS   : 0.000

Type  : Slow 1200mV 85C Model Setup 'clk_multiplier:clkm3|inst8'
Slack : 0.263
TNS   : 0.000

Type  : Slow 1200mV 85C Model Setup 'clk_multiplier:clkm3|inst'
Slack : 0.295
TNS   : 0.000

Type  : Slow 1200mV 85C Model Hold 'controller:ctrl|as.S5'
Slack : -2.242
TNS   : -19.334

Type  : Slow 1200mV 85C Model Hold 'controller:ctrl|as.S6'
Slack : -1.627
TNS   : -14.201

Type  : Slow 1200mV 85C Model Hold 'clk'
Slack : -1.324
TNS   : -73.368

Type  : Slow 1200mV 85C Model Hold 'b0'
Slack : -1.100
TNS   : -20.512

Type  : Slow 1200mV 85C Model Hold 'sqr_in'
Slack : -0.707
TNS   : -1.355

Type  : Slow 1200mV 85C Model Hold 'clk_multiplier:clkm3|inst'
Slack : -0.254
TNS   : -0.254

Type  : Slow 1200mV 85C Model Hold 'clk_multiplier:clkm3|inst8'
Slack : -0.169
TNS   : -0.169

Type  : Slow 1200mV 85C Model Hold 'clk_multiplier:clkm1|inst10'
Slack : -0.029
TNS   : -0.029

Type  : Slow 1200mV 85C Model Hold 'clk_multiplier:clkm3|inst7'
Slack : -0.029
TNS   : -0.029

Type  : Slow 1200mV 85C Model Hold 'clk_multiplier:clkm2|inst8'
Slack : -0.008
TNS   : -0.008

Type  : Slow 1200mV 85C Model Hold 'clk_multiplier:clkm3|inst1'
Slack : 0.001
TNS   : 0.000

Type  : Slow 1200mV 85C Model Hold 'clk_multiplier:clkm1|inst8'
Slack : 0.009
TNS   : 0.000

Type  : Slow 1200mV 85C Model Hold 'clk_multiplier:clkm1|inst1'
Slack : 0.021
TNS   : 0.000

Type  : Slow 1200mV 85C Model Hold 'clk_multiplier:clkm1|inst9'
Slack : 0.022
TNS   : 0.000

Type  : Slow 1200mV 85C Model Hold 'clk_multiplier:clkm1|inst'
Slack : 0.028
TNS   : 0.000

Type  : Slow 1200mV 85C Model Hold 'clk_multiplier:clkm1|inst7'
Slack : 0.035
TNS   : 0.000

Type  : Slow 1200mV 85C Model Hold 'clk_multiplier:clkm2|inst7'
Slack : 0.047
TNS   : 0.000

Type  : Slow 1200mV 85C Model Hold 'clk_multiplier:clkm2|inst3'
Slack : 0.078
TNS   : 0.000

Type  : Slow 1200mV 85C Model Hold 'clk_multiplier:clkm2|inst'
Slack : 0.087
TNS   : 0.000

Type  : Slow 1200mV 85C Model Hold 'clk_multiplier:clkm2|inst9'
Slack : 0.090
TNS   : 0.000

Type  : Slow 1200mV 85C Model Hold 'clk_multiplier:clkm2|inst2'
Slack : 0.109
TNS   : 0.000

Type  : Slow 1200mV 85C Model Hold 'clk_multiplier:clkm2|inst1'
Slack : 0.114
TNS   : 0.000

Type  : Slow 1200mV 85C Model Hold 'clk_multiplier:clkm1|inst3'
Slack : 0.122
TNS   : 0.000

Type  : Slow 1200mV 85C Model Hold 'clk_multiplier:clkm2|inst10'
Slack : 0.145
TNS   : 0.000

Type  : Slow 1200mV 85C Model Hold 'clk_multiplier:clkm1|inst2'
Slack : 0.193
TNS   : 0.000

Type  : Slow 1200mV 85C Model Hold 'clk_multiplier:clkm3|inst2'
Slack : 0.445
TNS   : 0.000

Type  : Slow 1200mV 85C Model Hold 'clk_multiplier:clkm3|inst9'
Slack : 0.445
TNS   : 0.000

Type  : Slow 1200mV 85C Model Hold 'b3'
Slack : 1.065
TNS   : 0.000

Type  : Slow 1200mV 85C Model Recovery 'clk_multiplier:clkm3|inst9'
Slack : -5.741
TNS   : -5.741

Type  : Slow 1200mV 85C Model Recovery 'clk_multiplier:clkm2|inst3'
Slack : -5.528
TNS   : -5.528

Type  : Slow 1200mV 85C Model Recovery 'clk_multiplier:clkm1|inst7'
Slack : -5.430
TNS   : -5.430

Type  : Slow 1200mV 85C Model Recovery 'clk_multiplier:clkm3|inst8'
Slack : -5.358
TNS   : -5.358

Type  : Slow 1200mV 85C Model Recovery 'clk_multiplier:clkm2|inst8'
Slack : -5.343
TNS   : -5.343

Type  : Slow 1200mV 85C Model Recovery 'clk_multiplier:clkm1|inst3'
Slack : -5.272
TNS   : -5.272

Type  : Slow 1200mV 85C Model Recovery 'clk_multiplier:clkm1|inst'
Slack : -5.197
TNS   : -5.197

Type  : Slow 1200mV 85C Model Recovery 'clk_multiplier:clkm3|inst1'
Slack : -5.185
TNS   : -5.185

Type  : Slow 1200mV 85C Model Recovery 'clk_multiplier:clkm2|inst7'
Slack : -5.180
TNS   : -5.180

Type  : Slow 1200mV 85C Model Recovery 'clk_multiplier:clkm3|inst2'
Slack : -5.102
TNS   : -5.102

Type  : Slow 1200mV 85C Model Recovery 'clk_multiplier:clkm2|inst1'
Slack : -5.089
TNS   : -5.089

Type  : Slow 1200mV 85C Model Recovery 'clk_multiplier:clkm2|inst9'
Slack : -5.077
TNS   : -5.077

Type  : Slow 1200mV 85C Model Recovery 'clk_multiplier:clkm3|inst7'
Slack : -5.074
TNS   : -5.074

Type  : Slow 1200mV 85C Model Recovery 'clk_multiplier:clkm1|inst1'
Slack : -5.055
TNS   : -5.055

Type  : Slow 1200mV 85C Model Recovery 'clk_multiplier:clkm2|inst10'
Slack : -5.046
TNS   : -5.046

Type  : Slow 1200mV 85C Model Recovery 'clk_multiplier:clkm1|inst9'
Slack : -5.015
TNS   : -5.015

Type  : Slow 1200mV 85C Model Recovery 'clk_multiplier:clkm2|inst'
Slack : -5.000
TNS   : -5.000

Type  : Slow 1200mV 85C Model Recovery 'clk_multiplier:clkm1|inst10'
Slack : -4.944
TNS   : -4.944

Type  : Slow 1200mV 85C Model Recovery 'clk_multiplier:clkm2|inst2'
Slack : -4.814
TNS   : -4.814

Type  : Slow 1200mV 85C Model Recovery 'clk_multiplier:clkm1|inst8'
Slack : -4.802
TNS   : -4.802

Type  : Slow 1200mV 85C Model Recovery 'clk_multiplier:clkm3|inst'
Slack : -4.794
TNS   : -4.794

Type  : Slow 1200mV 85C Model Recovery 'clk_multiplier:clkm1|inst2'
Slack : -4.723
TNS   : -4.723

Type  : Slow 1200mV 85C Model Recovery 'sqr_in'
Slack : -0.919
TNS   : -1.180

Type  : Slow 1200mV 85C Model Recovery 'clk'
Slack : -0.334
TNS   : -0.334

Type  : Slow 1200mV 85C Model Removal 'clk'
Slack : -1.539
TNS   : -2.812

Type  : Slow 1200mV 85C Model Removal 'sqr_in'
Slack : -0.882
TNS   : -1.607

Type  : Slow 1200mV 85C Model Removal 'clk_multiplier:clkm1|inst2'
Slack : 3.891
TNS   : 0.000

Type  : Slow 1200mV 85C Model Removal 'clk_multiplier:clkm3|inst'
Slack : 3.968
TNS   : 0.000

Type  : Slow 1200mV 85C Model Removal 'clk_multiplier:clkm1|inst8'
Slack : 3.974
TNS   : 0.000

Type  : Slow 1200mV 85C Model Removal 'clk_multiplier:clkm2|inst2'
Slack : 3.989
TNS   : 0.000

Type  : Slow 1200mV 85C Model Removal 'clk_multiplier:clkm1|inst10'
Slack : 4.137
TNS   : 0.000

Type  : Slow 1200mV 85C Model Removal 'clk_multiplier:clkm1|inst9'
Slack : 4.179
TNS   : 0.000

Type  : Slow 1200mV 85C Model Removal 'clk_multiplier:clkm2|inst'
Slack : 4.194
TNS   : 0.000

Type  : Slow 1200mV 85C Model Removal 'clk_multiplier:clkm1|inst1'
Slack : 4.221
TNS   : 0.000

Type  : Slow 1200mV 85C Model Removal 'clk_multiplier:clkm3|inst7'
Slack : 4.239
TNS   : 0.000

Type  : Slow 1200mV 85C Model Removal 'clk_multiplier:clkm2|inst9'
Slack : 4.259
TNS   : 0.000

Type  : Slow 1200mV 85C Model Removal 'clk_multiplier:clkm2|inst10'
Slack : 4.267
TNS   : 0.000

Type  : Slow 1200mV 85C Model Removal 'clk_multiplier:clkm3|inst2'
Slack : 4.268
TNS   : 0.000

Type  : Slow 1200mV 85C Model Removal 'clk_multiplier:clkm2|inst1'
Slack : 4.272
TNS   : 0.000

Type  : Slow 1200mV 85C Model Removal 'clk_multiplier:clkm1|inst'
Slack : 4.358
TNS   : 0.000

Type  : Slow 1200mV 85C Model Removal 'clk_multiplier:clkm2|inst7'
Slack : 4.382
TNS   : 0.000

Type  : Slow 1200mV 85C Model Removal 'clk_multiplier:clkm3|inst1'
Slack : 4.412
TNS   : 0.000

Type  : Slow 1200mV 85C Model Removal 'clk_multiplier:clkm1|inst3'
Slack : 4.477
TNS   : 0.000

Type  : Slow 1200mV 85C Model Removal 'clk_multiplier:clkm3|inst8'
Slack : 4.538
TNS   : 0.000

Type  : Slow 1200mV 85C Model Removal 'clk_multiplier:clkm2|inst8'
Slack : 4.568
TNS   : 0.000

Type  : Slow 1200mV 85C Model Removal 'clk_multiplier:clkm1|inst7'
Slack : 4.601
TNS   : 0.000

Type  : Slow 1200mV 85C Model Removal 'clk_multiplier:clkm2|inst3'
Slack : 4.733
TNS   : 0.000

Type  : Slow 1200mV 85C Model Removal 'clk_multiplier:clkm3|inst9'
Slack : 4.937
TNS   : 0.000

Type  : Slow 1200mV 85C Model Minimum Pulse Width 'clk'
Slack : -3.000
TNS   : -257.911

Type  : Slow 1200mV 85C Model Minimum Pulse Width 'b0'
Slack : -3.000
TNS   : -38.148

Type  : Slow 1200mV 85C Model Minimum Pulse Width 'b3'
Slack : -3.000
TNS   : -11.995

Type  : Slow 1200mV 85C Model Minimum Pulse Width 'sqr_in'
Slack : -3.000
TNS   : -6.930

Type  : Slow 1200mV 85C Model Minimum Pulse Width 'clk_multiplier:clkm1|inst'
Slack : -1.285
TNS   : -1.285

Type  : Slow 1200mV 85C Model Minimum Pulse Width 'clk_multiplier:clkm1|inst1'
Slack : -1.285
TNS   : -1.285

Type  : Slow 1200mV 85C Model Minimum Pulse Width 'clk_multiplier:clkm1|inst10'
Slack : -1.285
TNS   : -1.285

Type  : Slow 1200mV 85C Model Minimum Pulse Width 'clk_multiplier:clkm1|inst2'
Slack : -1.285
TNS   : -1.285

Type  : Slow 1200mV 85C Model Minimum Pulse Width 'clk_multiplier:clkm1|inst3'
Slack : -1.285
TNS   : -1.285

Type  : Slow 1200mV 85C Model Minimum Pulse Width 'clk_multiplier:clkm1|inst7'
Slack : -1.285
TNS   : -1.285

Type  : Slow 1200mV 85C Model Minimum Pulse Width 'clk_multiplier:clkm1|inst8'
Slack : -1.285
TNS   : -1.285

Type  : Slow 1200mV 85C Model Minimum Pulse Width 'clk_multiplier:clkm1|inst9'
Slack : -1.285
TNS   : -1.285

Type  : Slow 1200mV 85C Model Minimum Pulse Width 'clk_multiplier:clkm2|inst'
Slack : -1.285
TNS   : -1.285

Type  : Slow 1200mV 85C Model Minimum Pulse Width 'clk_multiplier:clkm2|inst1'
Slack : -1.285
TNS   : -1.285

Type  : Slow 1200mV 85C Model Minimum Pulse Width 'clk_multiplier:clkm2|inst10'
Slack : -1.285
TNS   : -1.285

Type  : Slow 1200mV 85C Model Minimum Pulse Width 'clk_multiplier:clkm2|inst2'
Slack : -1.285
TNS   : -1.285

Type  : Slow 1200mV 85C Model Minimum Pulse Width 'clk_multiplier:clkm2|inst3'
Slack : -1.285
TNS   : -1.285

Type  : Slow 1200mV 85C Model Minimum Pulse Width 'clk_multiplier:clkm2|inst7'
Slack : -1.285
TNS   : -1.285

Type  : Slow 1200mV 85C Model Minimum Pulse Width 'clk_multiplier:clkm2|inst8'
Slack : -1.285
TNS   : -1.285

Type  : Slow 1200mV 85C Model Minimum Pulse Width 'clk_multiplier:clkm2|inst9'
Slack : -1.285
TNS   : -1.285

Type  : Slow 1200mV 85C Model Minimum Pulse Width 'clk_multiplier:clkm3|inst'
Slack : -1.285
TNS   : -1.285

Type  : Slow 1200mV 85C Model Minimum Pulse Width 'clk_multiplier:clkm3|inst1'
Slack : -1.285
TNS   : -1.285

Type  : Slow 1200mV 85C Model Minimum Pulse Width 'clk_multiplier:clkm3|inst2'
Slack : -1.285
TNS   : -1.285

Type  : Slow 1200mV 85C Model Minimum Pulse Width 'clk_multiplier:clkm3|inst7'
Slack : -1.285
TNS   : -1.285

Type  : Slow 1200mV 85C Model Minimum Pulse Width 'clk_multiplier:clkm3|inst8'
Slack : -1.285
TNS   : -1.285

Type  : Slow 1200mV 85C Model Minimum Pulse Width 'clk_multiplier:clkm3|inst9'
Slack : -1.285
TNS   : -1.285

Type  : Slow 1200mV 85C Model Minimum Pulse Width 'controller:ctrl|as.S6'
Slack : 0.363
TNS   : 0.000

Type  : Slow 1200mV 85C Model Minimum Pulse Width 'controller:ctrl|as.S5'
Slack : 0.397
TNS   : 0.000

Type  : Slow 1200mV 0C Model Setup 'controller:ctrl|as.S6'
Slack : -60.836
TNS   : -1027.522

Type  : Slow 1200mV 0C Model Setup 'controller:ctrl|as.S5'
Slack : -60.598
TNS   : -1031.644

Type  : Slow 1200mV 0C Model Setup 'clk'
Slack : -32.160
TNS   : -1292.153

Type  : Slow 1200mV 0C Model Setup 'b0'
Slack : -3.998
TNS   : -79.076

Type  : Slow 1200mV 0C Model Setup 'b3'
Slack : -0.826
TNS   : -3.720

Type  : Slow 1200mV 0C Model Setup 'clk_multiplier:clkm2|inst10'
Slack : -0.063
TNS   : -0.063

Type  : Slow 1200mV 0C Model Setup 'clk_multiplier:clkm1|inst3'
Slack : -0.044
TNS   : -0.044

Type  : Slow 1200mV 0C Model Setup 'clk_multiplier:clkm2|inst1'
Slack : -0.041
TNS   : -0.041

Type  : Slow 1200mV 0C Model Setup 'clk_multiplier:clkm2|inst'
Slack : -0.013
TNS   : -0.013

Type  : Slow 1200mV 0C Model Setup 'clk_multiplier:clkm2|inst2'
Slack : -0.001
TNS   : -0.001

Type  : Slow 1200mV 0C Model Setup 'clk_multiplier:clkm1|inst2'
Slack : 0.018
TNS   : 0.000

Type  : Slow 1200mV 0C Model Setup 'clk_multiplier:clkm1|inst9'
Slack : 0.038
TNS   : 0.000

Type  : Slow 1200mV 0C Model Setup 'clk_multiplier:clkm2|inst9'
Slack : 0.049
TNS   : 0.000

Type  : Slow 1200mV 0C Model Setup 'sqr_in'
Slack : 0.056
TNS   : 0.000

Type  : Slow 1200mV 0C Model Setup 'clk_multiplier:clkm1|inst7'
Slack : 0.067
TNS   : 0.000

Type  : Slow 1200mV 0C Model Setup 'clk_multiplier:clkm3|inst7'
Slack : 0.091
TNS   : 0.000

Type  : Slow 1200mV 0C Model Setup 'clk_multiplier:clkm1|inst'
Slack : 0.108
TNS   : 0.000

Type  : Slow 1200mV 0C Model Setup 'clk_multiplier:clkm1|inst8'
Slack : 0.118
TNS   : 0.000

Type  : Slow 1200mV 0C Model Setup 'clk_multiplier:clkm3|inst1'
Slack : 0.120
TNS   : 0.000

Type  : Slow 1200mV 0C Model Setup 'clk_multiplier:clkm2|inst8'
Slack : 0.136
TNS   : 0.000

Type  : Slow 1200mV 0C Model Setup 'clk_multiplier:clkm1|inst10'
Slack : 0.142
TNS   : 0.000

Type  : Slow 1200mV 0C Model Setup 'clk_multiplier:clkm2|inst7'
Slack : 0.156
TNS   : 0.000

Type  : Slow 1200mV 0C Model Setup 'clk_multiplier:clkm2|inst3'
Slack : 0.190
TNS   : 0.000

Type  : Slow 1200mV 0C Model Setup 'clk_multiplier:clkm1|inst1'
Slack : 0.242
TNS   : 0.000

Type  : Slow 1200mV 0C Model Setup 'clk_multiplier:clkm3|inst8'
Slack : 0.269
TNS   : 0.000

Type  : Slow 1200mV 0C Model Setup 'clk_multiplier:clkm3|inst2'
Slack : 0.297
TNS   : 0.000

Type  : Slow 1200mV 0C Model Setup 'clk_multiplier:clkm3|inst9'
Slack : 0.297
TNS   : 0.000

Type  : Slow 1200mV 0C Model Setup 'clk_multiplier:clkm3|inst'
Slack : 0.314
TNS   : 0.000

Type  : Slow 1200mV 0C Model Hold 'controller:ctrl|as.S5'
Slack : -1.990
TNS   : -16.937

Type  : Slow 1200mV 0C Model Hold 'controller:ctrl|as.S6'
Slack : -1.370
TNS   : -12.120

Type  : Slow 1200mV 0C Model Hold 'clk'
Slack : -1.194
TNS   : -65.250

Type  : Slow 1200mV 0C Model Hold 'b0'
Slack : -1.004
TNS   : -19.060

Type  : Slow 1200mV 0C Model Hold 'sqr_in'
Slack : -0.695
TNS   : -1.194

Type  : Slow 1200mV 0C Model Hold 'clk_multiplier:clkm3|inst'
Slack : -0.223
TNS   : -0.223

Type  : Slow 1200mV 0C Model Hold 'clk_multiplier:clkm3|inst8'
Slack : -0.139
TNS   : -0.139

Type  : Slow 1200mV 0C Model Hold 'clk_multiplier:clkm3|inst7'
Slack : -0.011
TNS   : -0.011

Type  : Slow 1200mV 0C Model Hold 'clk_multiplier:clkm1|inst10'
Slack : -0.010
TNS   : -0.010

Type  : Slow 1200mV 0C Model Hold 'clk_multiplier:clkm2|inst8'
Slack : 0.005
TNS   : 0.000

Type  : Slow 1200mV 0C Model Hold 'clk_multiplier:clkm3|inst1'
Slack : 0.013
TNS   : 0.000

Type  : Slow 1200mV 0C Model Hold 'clk_multiplier:clkm1|inst8'
Slack : 0.024
TNS   : 0.000

Type  : Slow 1200mV 0C Model Hold 'clk_multiplier:clkm1|inst9'
Slack : 0.034
TNS   : 0.000

Type  : Slow 1200mV 0C Model Hold 'clk_multiplier:clkm1|inst7'
Slack : 0.037
TNS   : 0.000

Type  : Slow 1200mV 0C Model Hold 'clk_multiplier:clkm1|inst1'
Slack : 0.043
TNS   : 0.000

Type  : Slow 1200mV 0C Model Hold 'clk_multiplier:clkm1|inst'
Slack : 0.048
TNS   : 0.000

Type  : Slow 1200mV 0C Model Hold 'clk_multiplier:clkm2|inst3'
Slack : 0.069
TNS   : 0.000

Type  : Slow 1200mV 0C Model Hold 'clk_multiplier:clkm2|inst7'
Slack : 0.072
TNS   : 0.000

Type  : Slow 1200mV 0C Model Hold 'clk_multiplier:clkm2|inst'
Slack : 0.095
TNS   : 0.000

Type  : Slow 1200mV 0C Model Hold 'clk_multiplier:clkm2|inst9'
Slack : 0.100
TNS   : 0.000

Type  : Slow 1200mV 0C Model Hold 'clk_multiplier:clkm2|inst1'
Slack : 0.120
TNS   : 0.000

Type  : Slow 1200mV 0C Model Hold 'clk_multiplier:clkm2|inst2'
Slack : 0.123
TNS   : 0.000

Type  : Slow 1200mV 0C Model Hold 'clk_multiplier:clkm1|inst3'
Slack : 0.128
TNS   : 0.000

Type  : Slow 1200mV 0C Model Hold 'clk_multiplier:clkm2|inst10'
Slack : 0.146
TNS   : 0.000

Type  : Slow 1200mV 0C Model Hold 'clk_multiplier:clkm1|inst2'
Slack : 0.198
TNS   : 0.000

Type  : Slow 1200mV 0C Model Hold 'clk_multiplier:clkm3|inst2'
Slack : 0.398
TNS   : 0.000

Type  : Slow 1200mV 0C Model Hold 'clk_multiplier:clkm3|inst9'
Slack : 0.398
TNS   : 0.000

Type  : Slow 1200mV 0C Model Hold 'b3'
Slack : 1.007
TNS   : 0.000

Type  : Slow 1200mV 0C Model Recovery 'clk_multiplier:clkm3|inst9'
Slack : -5.102
TNS   : -5.102

Type  : Slow 1200mV 0C Model Recovery 'clk_multiplier:clkm2|inst3'
Slack : -4.915
TNS   : -4.915

Type  : Slow 1200mV 0C Model Recovery 'clk_multiplier:clkm1|inst7'
Slack : -4.831
TNS   : -4.831

Type  : Slow 1200mV 0C Model Recovery 'clk_multiplier:clkm2|inst8'
Slack : -4.769
TNS   : -4.769

Type  : Slow 1200mV 0C Model Recovery 'clk_multiplier:clkm3|inst8'
Slack : -4.768
TNS   : -4.768

Type  : Slow 1200mV 0C Model Recovery 'clk_multiplier:clkm1|inst3'
Slack : -4.697
TNS   : -4.697

Type  : Slow 1200mV 0C Model Recovery 'clk_multiplier:clkm1|inst'
Slack : -4.623
TNS   : -4.623

Type  : Slow 1200mV 0C Model Recovery 'clk_multiplier:clkm2|inst7'
Slack : -4.619
TNS   : -4.619

Type  : Slow 1200mV 0C Model Recovery 'clk_multiplier:clkm3|inst1'
Slack : -4.614
TNS   : -4.614

Type  : Slow 1200mV 0C Model Recovery 'clk_multiplier:clkm3|inst2'
Slack : -4.537
TNS   : -4.537

Type  : Slow 1200mV 0C Model Recovery 'clk_multiplier:clkm2|inst1'
Slack : -4.524
TNS   : -4.524

Type  : Slow 1200mV 0C Model Recovery 'clk_multiplier:clkm2|inst9'
Slack : -4.515
TNS   : -4.515

Type  : Slow 1200mV 0C Model Recovery 'clk_multiplier:clkm3|inst7'
Slack : -4.514
TNS   : -4.514

Type  : Slow 1200mV 0C Model Recovery 'clk_multiplier:clkm1|inst1'
Slack : -4.491
TNS   : -4.491

Type  : Slow 1200mV 0C Model Recovery 'clk_multiplier:clkm2|inst10'
Slack : -4.487
TNS   : -4.487

Type  : Slow 1200mV 0C Model Recovery 'clk_multiplier:clkm1|inst9'
Slack : -4.457
TNS   : -4.457

Type  : Slow 1200mV 0C Model Recovery 'clk_multiplier:clkm2|inst'
Slack : -4.444
TNS   : -4.444

Type  : Slow 1200mV 0C Model Recovery 'clk_multiplier:clkm1|inst10'
Slack : -4.393
TNS   : -4.393

Type  : Slow 1200mV 0C Model Recovery 'clk_multiplier:clkm2|inst2'
Slack : -4.277
TNS   : -4.277

Type  : Slow 1200mV 0C Model Recovery 'clk_multiplier:clkm1|inst8'
Slack : -4.264
TNS   : -4.264

Type  : Slow 1200mV 0C Model Recovery 'clk_multiplier:clkm3|inst'
Slack : -4.255
TNS   : -4.255

Type  : Slow 1200mV 0C Model Recovery 'clk_multiplier:clkm1|inst2'
Slack : -4.192
TNS   : -4.192

Type  : Slow 1200mV 0C Model Recovery 'sqr_in'
Slack : -0.681
TNS   : -0.843

Type  : Slow 1200mV 0C Model Recovery 'clk'
Slack : -0.249
TNS   : -0.249

Type  : Slow 1200mV 0C Model Removal 'clk'
Slack : -1.291
TNS   : -2.518

Type  : Slow 1200mV 0C Model Removal 'sqr_in'
Slack : -0.789
TNS   : -1.396

Type  : Slow 1200mV 0C Model Removal 'clk_multiplier:clkm1|inst2'
Slack : 3.559
TNS   : 0.000

Type  : Slow 1200mV 0C Model Removal 'clk_multiplier:clkm3|inst'
Slack : 3.626
TNS   : 0.000

Type  : Slow 1200mV 0C Model Removal 'clk_multiplier:clkm1|inst8'
Slack : 3.634
TNS   : 0.000

Type  : Slow 1200mV 0C Model Removal 'clk_multiplier:clkm2|inst2'
Slack : 3.652
TNS   : 0.000

Type  : Slow 1200mV 0C Model Removal 'clk_multiplier:clkm1|inst10'
Slack : 3.795
TNS   : 0.000

Type  : Slow 1200mV 0C Model Removal 'clk_multiplier:clkm1|inst9'
Slack : 3.829
TNS   : 0.000

Type  : Slow 1200mV 0C Model Removal 'clk_multiplier:clkm2|inst'
Slack : 3.848
TNS   : 0.000

Type  : Slow 1200mV 0C Model Removal 'clk_multiplier:clkm1|inst1'
Slack : 3.864
TNS   : 0.000

Type  : Slow 1200mV 0C Model Removal 'clk_multiplier:clkm3|inst7'
Slack : 3.879
TNS   : 0.000

Type  : Slow 1200mV 0C Model Removal 'clk_multiplier:clkm3|inst2'
Slack : 3.903
TNS   : 0.000

Type  : Slow 1200mV 0C Model Removal 'clk_multiplier:clkm2|inst9'
Slack : 3.907
TNS   : 0.000

Type  : Slow 1200mV 0C Model Removal 'clk_multiplier:clkm2|inst10'
Slack : 3.913
TNS   : 0.000

Type  : Slow 1200mV 0C Model Removal 'clk_multiplier:clkm2|inst1'
Slack : 3.915
TNS   : 0.000

Type  : Slow 1200mV 0C Model Removal 'clk_multiplier:clkm1|inst'
Slack : 3.990
TNS   : 0.000

Type  : Slow 1200mV 0C Model Removal 'clk_multiplier:clkm2|inst7'
Slack : 4.037
TNS   : 0.000

Type  : Slow 1200mV 0C Model Removal 'clk_multiplier:clkm3|inst1'
Slack : 4.045
TNS   : 0.000

Type  : Slow 1200mV 0C Model Removal 'clk_multiplier:clkm1|inst3'
Slack : 4.118
TNS   : 0.000

Type  : Slow 1200mV 0C Model Removal 'clk_multiplier:clkm3|inst8'
Slack : 4.170
TNS   : 0.000

Type  : Slow 1200mV 0C Model Removal 'clk_multiplier:clkm2|inst8'
Slack : 4.199
TNS   : 0.000

Type  : Slow 1200mV 0C Model Removal 'clk_multiplier:clkm1|inst7'
Slack : 4.206
TNS   : 0.000

Type  : Slow 1200mV 0C Model Removal 'clk_multiplier:clkm2|inst3'
Slack : 4.317
TNS   : 0.000

Type  : Slow 1200mV 0C Model Removal 'clk_multiplier:clkm3|inst9'
Slack : 4.518
TNS   : 0.000

Type  : Slow 1200mV 0C Model Minimum Pulse Width 'clk'
Slack : -3.000
TNS   : -257.639

Type  : Slow 1200mV 0C Model Minimum Pulse Width 'b0'
Slack : -3.000
TNS   : -36.995

Type  : Slow 1200mV 0C Model Minimum Pulse Width 'b3'
Slack : -3.000
TNS   : -11.995

Type  : Slow 1200mV 0C Model Minimum Pulse Width 'sqr_in'
Slack : -3.000
TNS   : -6.855

Type  : Slow 1200mV 0C Model Minimum Pulse Width 'clk_multiplier:clkm1|inst'
Slack : -1.285
TNS   : -1.285

Type  : Slow 1200mV 0C Model Minimum Pulse Width 'clk_multiplier:clkm1|inst1'
Slack : -1.285
TNS   : -1.285

Type  : Slow 1200mV 0C Model Minimum Pulse Width 'clk_multiplier:clkm1|inst10'
Slack : -1.285
TNS   : -1.285

Type  : Slow 1200mV 0C Model Minimum Pulse Width 'clk_multiplier:clkm1|inst2'
Slack : -1.285
TNS   : -1.285

Type  : Slow 1200mV 0C Model Minimum Pulse Width 'clk_multiplier:clkm1|inst3'
Slack : -1.285
TNS   : -1.285

Type  : Slow 1200mV 0C Model Minimum Pulse Width 'clk_multiplier:clkm1|inst7'
Slack : -1.285
TNS   : -1.285

Type  : Slow 1200mV 0C Model Minimum Pulse Width 'clk_multiplier:clkm1|inst8'
Slack : -1.285
TNS   : -1.285

Type  : Slow 1200mV 0C Model Minimum Pulse Width 'clk_multiplier:clkm1|inst9'
Slack : -1.285
TNS   : -1.285

Type  : Slow 1200mV 0C Model Minimum Pulse Width 'clk_multiplier:clkm2|inst'
Slack : -1.285
TNS   : -1.285

Type  : Slow 1200mV 0C Model Minimum Pulse Width 'clk_multiplier:clkm2|inst1'
Slack : -1.285
TNS   : -1.285

Type  : Slow 1200mV 0C Model Minimum Pulse Width 'clk_multiplier:clkm2|inst10'
Slack : -1.285
TNS   : -1.285

Type  : Slow 1200mV 0C Model Minimum Pulse Width 'clk_multiplier:clkm2|inst2'
Slack : -1.285
TNS   : -1.285

Type  : Slow 1200mV 0C Model Minimum Pulse Width 'clk_multiplier:clkm2|inst3'
Slack : -1.285
TNS   : -1.285

Type  : Slow 1200mV 0C Model Minimum Pulse Width 'clk_multiplier:clkm2|inst7'
Slack : -1.285
TNS   : -1.285

Type  : Slow 1200mV 0C Model Minimum Pulse Width 'clk_multiplier:clkm2|inst8'
Slack : -1.285
TNS   : -1.285

Type  : Slow 1200mV 0C Model Minimum Pulse Width 'clk_multiplier:clkm2|inst9'
Slack : -1.285
TNS   : -1.285

Type  : Slow 1200mV 0C Model Minimum Pulse Width 'clk_multiplier:clkm3|inst'
Slack : -1.285
TNS   : -1.285

Type  : Slow 1200mV 0C Model Minimum Pulse Width 'clk_multiplier:clkm3|inst1'
Slack : -1.285
TNS   : -1.285

Type  : Slow 1200mV 0C Model Minimum Pulse Width 'clk_multiplier:clkm3|inst2'
Slack : -1.285
TNS   : -1.285

Type  : Slow 1200mV 0C Model Minimum Pulse Width 'clk_multiplier:clkm3|inst7'
Slack : -1.285
TNS   : -1.285

Type  : Slow 1200mV 0C Model Minimum Pulse Width 'clk_multiplier:clkm3|inst8'
Slack : -1.285
TNS   : -1.285

Type  : Slow 1200mV 0C Model Minimum Pulse Width 'clk_multiplier:clkm3|inst9'
Slack : -1.285
TNS   : -1.285

Type  : Slow 1200mV 0C Model Minimum Pulse Width 'controller:ctrl|as.S5'
Slack : 0.364
TNS   : 0.000

Type  : Slow 1200mV 0C Model Minimum Pulse Width 'controller:ctrl|as.S6'
Slack : 0.364
TNS   : 0.000

Type  : Fast 1200mV 0C Model Setup 'controller:ctrl|as.S6'
Slack : -32.288
TNS   : -546.083

Type  : Fast 1200mV 0C Model Setup 'controller:ctrl|as.S5'
Slack : -32.047
TNS   : -548.177

Type  : Fast 1200mV 0C Model Setup 'clk'
Slack : -16.962
TNS   : -691.629

Type  : Fast 1200mV 0C Model Setup 'b0'
Slack : -1.682
TNS   : -32.680

Type  : Fast 1200mV 0C Model Setup 'b3'
Slack : 0.142
TNS   : 0.000

Type  : Fast 1200mV 0C Model Setup 'sqr_in'
Slack : 0.213
TNS   : 0.000

Type  : Fast 1200mV 0C Model Setup 'clk_multiplier:clkm2|inst10'
Slack : 0.256
TNS   : 0.000

Type  : Fast 1200mV 0C Model Setup 'clk_multiplier:clkm2|inst1'
Slack : 0.262
TNS   : 0.000

Type  : Fast 1200mV 0C Model Setup 'clk_multiplier:clkm1|inst3'
Slack : 0.265
TNS   : 0.000

Type  : Fast 1200mV 0C Model Setup 'clk_multiplier:clkm2|inst'
Slack : 0.279
TNS   : 0.000

Type  : Fast 1200mV 0C Model Setup 'clk_multiplier:clkm1|inst7'
Slack : 0.302
TNS   : 0.000

Type  : Fast 1200mV 0C Model Setup 'clk_multiplier:clkm2|inst9'
Slack : 0.325
TNS   : 0.000

Type  : Fast 1200mV 0C Model Setup 'clk_multiplier:clkm1|inst2'
Slack : 0.326
TNS   : 0.000

Type  : Fast 1200mV 0C Model Setup 'clk_multiplier:clkm2|inst2'
Slack : 0.327
TNS   : 0.000

Type  : Fast 1200mV 0C Model Setup 'clk_multiplier:clkm1|inst9'
Slack : 0.328
TNS   : 0.000

Type  : Fast 1200mV 0C Model Setup 'clk_multiplier:clkm1|inst'
Slack : 0.335
TNS   : 0.000

Type  : Fast 1200mV 0C Model Setup 'clk_multiplier:clkm3|inst1'
Slack : 0.351
TNS   : 0.000

Type  : Fast 1200mV 0C Model Setup 'clk_multiplier:clkm3|inst7'
Slack : 0.351
TNS   : 0.000

Type  : Fast 1200mV 0C Model Setup 'clk_multiplier:clkm2|inst8'
Slack : 0.357
TNS   : 0.000

Type  : Fast 1200mV 0C Model Setup 'clk_multiplier:clkm1|inst8'
Slack : 0.360
TNS   : 0.000

Type  : Fast 1200mV 0C Model Setup 'clk_multiplier:clkm2|inst7'
Slack : 0.366
TNS   : 0.000

Type  : Fast 1200mV 0C Model Setup 'clk_multiplier:clkm1|inst10'
Slack : 0.381
TNS   : 0.000

Type  : Fast 1200mV 0C Model Setup 'clk_multiplier:clkm2|inst3'
Slack : 0.399
TNS   : 0.000

Type  : Fast 1200mV 0C Model Setup 'clk_multiplier:clkm1|inst1'
Slack : 0.428
TNS   : 0.000

Type  : Fast 1200mV 0C Model Setup 'clk_multiplier:clkm3|inst8'
Slack : 0.438
TNS   : 0.000

Type  : Fast 1200mV 0C Model Setup 'clk_multiplier:clkm3|inst'
Slack : 0.454
TNS   : 0.000

Type  : Fast 1200mV 0C Model Setup 'clk_multiplier:clkm3|inst2'
Slack : 0.624
TNS   : 0.000

Type  : Fast 1200mV 0C Model Setup 'clk_multiplier:clkm3|inst9'
Slack : 0.624
TNS   : 0.000

Type  : Fast 1200mV 0C Model Hold 'controller:ctrl|as.S5'
Slack : -1.394
TNS   : -12.478

Type  : Fast 1200mV 0C Model Hold 'controller:ctrl|as.S6'
Slack : -1.213
TNS   : -10.315

Type  : Fast 1200mV 0C Model Hold 'clk'
Slack : -1.036
TNS   : -54.605

Type  : Fast 1200mV 0C Model Hold 'b0'
Slack : -0.871
TNS   : -16.229

Type  : Fast 1200mV 0C Model Hold 'sqr_in'
Slack : -0.866
TNS   : -1.334

Type  : Fast 1200mV 0C Model Hold 'clk_multiplier:clkm3|inst'
Slack : -0.184
TNS   : -0.184

Type  : Fast 1200mV 0C Model Hold 'clk_multiplier:clkm3|inst8'
Slack : -0.132
TNS   : -0.132

Type  : Fast 1200mV 0C Model Hold 'clk_multiplier:clkm3|inst7'
Slack : -0.082
TNS   : -0.082

Type  : Fast 1200mV 0C Model Hold 'clk_multiplier:clkm1|inst10'
Slack : -0.075
TNS   : -0.075

Type  : Fast 1200mV 0C Model Hold 'clk_multiplier:clkm1|inst1'
Slack : -0.068
TNS   : -0.068

Type  : Fast 1200mV 0C Model Hold 'clk_multiplier:clkm1|inst9'
Slack : -0.059
TNS   : -0.059

Type  : Fast 1200mV 0C Model Hold 'clk_multiplier:clkm1|inst8'
Slack : -0.051
TNS   : -0.051

Type  : Fast 1200mV 0C Model Hold 'clk_multiplier:clkm2|inst7'
Slack : -0.045
TNS   : -0.045

Type  : Fast 1200mV 0C Model Hold 'clk_multiplier:clkm2|inst8'
Slack : -0.045
TNS   : -0.045

Type  : Fast 1200mV 0C Model Hold 'clk_multiplier:clkm3|inst1'
Slack : -0.043
TNS   : -0.043

Type  : Fast 1200mV 0C Model Hold 'clk_multiplier:clkm2|inst2'
Slack : -0.041
TNS   : -0.041

Type  : Fast 1200mV 0C Model Hold 'clk_multiplier:clkm1|inst'
Slack : -0.038
TNS   : -0.038

Type  : Fast 1200mV 0C Model Hold 'clk_multiplier:clkm1|inst7'
Slack : -0.018
TNS   : -0.018

Type  : Fast 1200mV 0C Model Hold 'clk_multiplier:clkm2|inst'
Slack : -0.012
TNS   : -0.012

Type  : Fast 1200mV 0C Model Hold 'clk_multiplier:clkm2|inst9'
Slack : -0.008
TNS   : -0.008

Type  : Fast 1200mV 0C Model Hold 'clk_multiplier:clkm1|inst3'
Slack : 0.003
TNS   : 0.000

Type  : Fast 1200mV 0C Model Hold 'clk_multiplier:clkm2|inst1'
Slack : 0.003
TNS   : 0.000

Type  : Fast 1200mV 0C Model Hold 'clk_multiplier:clkm1|inst2'
Slack : 0.004
TNS   : 0.000

Type  : Fast 1200mV 0C Model Hold 'clk_multiplier:clkm2|inst3'
Slack : 0.004
TNS   : 0.000

Type  : Fast 1200mV 0C Model Hold 'clk_multiplier:clkm2|inst10'
Slack : 0.015
TNS   : 0.000

Type  : Fast 1200mV 0C Model Hold 'clk_multiplier:clkm3|inst2'
Slack : 0.206
TNS   : 0.000

Type  : Fast 1200mV 0C Model Hold 'clk_multiplier:clkm3|inst9'
Slack : 0.206
TNS   : 0.000

Type  : Fast 1200mV 0C Model Hold 'b3'
Slack : 0.384
TNS   : 0.000

Type  : Fast 1200mV 0C Model Recovery 'clk_multiplier:clkm3|inst9'
Slack : -2.896
TNS   : -2.896

Type  : Fast 1200mV 0C Model Recovery 'clk_multiplier:clkm2|inst3'
Slack : -2.792
TNS   : -2.792

Type  : Fast 1200mV 0C Model Recovery 'clk_multiplier:clkm1|inst7'
Slack : -2.739
TNS   : -2.739

Type  : Fast 1200mV 0C Model Recovery 'clk_multiplier:clkm3|inst8'
Slack : -2.689
TNS   : -2.689

Type  : Fast 1200mV 0C Model Recovery 'clk_multiplier:clkm2|inst8'
Slack : -2.685
TNS   : -2.685

Type  : Fast 1200mV 0C Model Recovery 'clk_multiplier:clkm1|inst3'
Slack : -2.640
TNS   : -2.640

Type  : Fast 1200mV 0C Model Recovery 'clk_multiplier:clkm1|inst'
Slack : -2.616
TNS   : -2.616

Type  : Fast 1200mV 0C Model Recovery 'clk_multiplier:clkm2|inst7'
Slack : -2.595
TNS   : -2.595

Type  : Fast 1200mV 0C Model Recovery 'clk_multiplier:clkm3|inst1'
Slack : -2.593
TNS   : -2.593

Type  : Fast 1200mV 0C Model Recovery 'clk_multiplier:clkm2|inst1'
Slack : -2.548
TNS   : -2.548

Type  : Fast 1200mV 0C Model Recovery 'clk_multiplier:clkm3|inst2'
Slack : -2.548
TNS   : -2.548

Type  : Fast 1200mV 0C Model Recovery 'clk_multiplier:clkm2|inst9'
Slack : -2.537
TNS   : -2.537

Type  : Fast 1200mV 0C Model Recovery 'clk_multiplier:clkm3|inst7'
Slack : -2.529
TNS   : -2.529

Type  : Fast 1200mV 0C Model Recovery 'clk_multiplier:clkm1|inst1'
Slack : -2.524
TNS   : -2.524

Type  : Fast 1200mV 0C Model Recovery 'clk_multiplier:clkm2|inst10'
Slack : -2.513
TNS   : -2.513

Type  : Fast 1200mV 0C Model Recovery 'clk_multiplier:clkm2|inst'
Slack : -2.496
TNS   : -2.496

Type  : Fast 1200mV 0C Model Recovery 'clk_multiplier:clkm1|inst9'
Slack : -2.495
TNS   : -2.495

Type  : Fast 1200mV 0C Model Recovery 'clk_multiplier:clkm1|inst10'
Slack : -2.456
TNS   : -2.456

Type  : Fast 1200mV 0C Model Recovery 'clk_multiplier:clkm2|inst2'
Slack : -2.391
TNS   : -2.391

Type  : Fast 1200mV 0C Model Recovery 'clk_multiplier:clkm1|inst8'
Slack : -2.378
TNS   : -2.378

Type  : Fast 1200mV 0C Model Recovery 'clk_multiplier:clkm3|inst'
Slack : -2.376
TNS   : -2.376

Type  : Fast 1200mV 0C Model Recovery 'clk_multiplier:clkm1|inst2'
Slack : -2.332
TNS   : -2.332

Type  : Fast 1200mV 0C Model Recovery 'sqr_in'
Slack : -0.803
TNS   : -0.803

Type  : Fast 1200mV 0C Model Recovery 'clk'
Slack : -0.332
TNS   : -0.332

Type  : Fast 1200mV 0C Model Removal 'clk'
Slack : -0.994
TNS   : -1.928

Type  : Fast 1200mV 0C Model Removal 'sqr_in'
Slack : -0.744
TNS   : -1.195

Type  : Fast 1200mV 0C Model Removal 'clk_multiplier:clkm1|inst2'
Slack : 2.154
TNS   : 0.000

Type  : Fast 1200mV 0C Model Removal 'clk_multiplier:clkm3|inst'
Slack : 2.199
TNS   : 0.000

Type  : Fast 1200mV 0C Model Removal 'clk_multiplier:clkm1|inst8'
Slack : 2.201
TNS   : 0.000

Type  : Fast 1200mV 0C Model Removal 'clk_multiplier:clkm2|inst2'
Slack : 2.201
TNS   : 0.000

Type  : Fast 1200mV 0C Model Removal 'clk_multiplier:clkm1|inst10'
Slack : 2.275
TNS   : 0.000

Type  : Fast 1200mV 0C Model Removal 'clk_multiplier:clkm1|inst9'
Slack : 2.308
TNS   : 0.000

Type  : Fast 1200mV 0C Model Removal 'clk_multiplier:clkm2|inst'
Slack : 2.316
TNS   : 0.000

Type  : Fast 1200mV 0C Model Removal 'clk_multiplier:clkm2|inst10'
Slack : 2.336
TNS   : 0.000

Type  : Fast 1200mV 0C Model Removal 'clk_multiplier:clkm1|inst1'
Slack : 2.338
TNS   : 0.000

Type  : Fast 1200mV 0C Model Removal 'clk_multiplier:clkm3|inst7'
Slack : 2.343
TNS   : 0.000

Type  : Fast 1200mV 0C Model Removal 'clk_multiplier:clkm2|inst9'
Slack : 2.356
TNS   : 0.000

Type  : Fast 1200mV 0C Model Removal 'clk_multiplier:clkm3|inst2'
Slack : 2.363
TNS   : 0.000

Type  : Fast 1200mV 0C Model Removal 'clk_multiplier:clkm2|inst1'
Slack : 2.368
TNS   : 0.000

Type  : Fast 1200mV 0C Model Removal 'clk_multiplier:clkm2|inst7'
Slack : 2.409
TNS   : 0.000

Type  : Fast 1200mV 0C Model Removal 'clk_multiplier:clkm3|inst1'
Slack : 2.419
TNS   : 0.000

Type  : Fast 1200mV 0C Model Removal 'clk_multiplier:clkm1|inst'
Slack : 2.432
TNS   : 0.000

Type  : Fast 1200mV 0C Model Removal 'clk_multiplier:clkm1|inst3'
Slack : 2.456
TNS   : 0.000

Type  : Fast 1200mV 0C Model Removal 'clk_multiplier:clkm3|inst8'
Slack : 2.503
TNS   : 0.000

Type  : Fast 1200mV 0C Model Removal 'clk_multiplier:clkm2|inst8'
Slack : 2.507
TNS   : 0.000

Type  : Fast 1200mV 0C Model Removal 'clk_multiplier:clkm1|inst7'
Slack : 2.560
TNS   : 0.000

Type  : Fast 1200mV 0C Model Removal 'clk_multiplier:clkm2|inst3'
Slack : 2.619
TNS   : 0.000

Type  : Fast 1200mV 0C Model Removal 'clk_multiplier:clkm3|inst9'
Slack : 2.719
TNS   : 0.000

Type  : Fast 1200mV 0C Model Minimum Pulse Width 'clk'
Slack : -3.000
TNS   : -249.428

Type  : Fast 1200mV 0C Model Minimum Pulse Width 'b0'
Slack : -3.000
TNS   : -42.200

Type  : Fast 1200mV 0C Model Minimum Pulse Width 'b3'
Slack : -3.000
TNS   : -14.483

Type  : Fast 1200mV 0C Model Minimum Pulse Width 'sqr_in'
Slack : -3.000
TNS   : -9.773

Type  : Fast 1200mV 0C Model Minimum Pulse Width 'clk_multiplier:clkm1|inst'
Slack : -1.000
TNS   : -1.000

Type  : Fast 1200mV 0C Model Minimum Pulse Width 'clk_multiplier:clkm1|inst1'
Slack : -1.000
TNS   : -1.000

Type  : Fast 1200mV 0C Model Minimum Pulse Width 'clk_multiplier:clkm1|inst10'
Slack : -1.000
TNS   : -1.000

Type  : Fast 1200mV 0C Model Minimum Pulse Width 'clk_multiplier:clkm1|inst2'
Slack : -1.000
TNS   : -1.000

Type  : Fast 1200mV 0C Model Minimum Pulse Width 'clk_multiplier:clkm1|inst3'
Slack : -1.000
TNS   : -1.000

Type  : Fast 1200mV 0C Model Minimum Pulse Width 'clk_multiplier:clkm1|inst7'
Slack : -1.000
TNS   : -1.000

Type  : Fast 1200mV 0C Model Minimum Pulse Width 'clk_multiplier:clkm1|inst8'
Slack : -1.000
TNS   : -1.000

Type  : Fast 1200mV 0C Model Minimum Pulse Width 'clk_multiplier:clkm1|inst9'
Slack : -1.000
TNS   : -1.000

Type  : Fast 1200mV 0C Model Minimum Pulse Width 'clk_multiplier:clkm2|inst'
Slack : -1.000
TNS   : -1.000

Type  : Fast 1200mV 0C Model Minimum Pulse Width 'clk_multiplier:clkm2|inst1'
Slack : -1.000
TNS   : -1.000

Type  : Fast 1200mV 0C Model Minimum Pulse Width 'clk_multiplier:clkm2|inst10'
Slack : -1.000
TNS   : -1.000

Type  : Fast 1200mV 0C Model Minimum Pulse Width 'clk_multiplier:clkm2|inst2'
Slack : -1.000
TNS   : -1.000

Type  : Fast 1200mV 0C Model Minimum Pulse Width 'clk_multiplier:clkm2|inst3'
Slack : -1.000
TNS   : -1.000

Type  : Fast 1200mV 0C Model Minimum Pulse Width 'clk_multiplier:clkm2|inst7'
Slack : -1.000
TNS   : -1.000

Type  : Fast 1200mV 0C Model Minimum Pulse Width 'clk_multiplier:clkm2|inst8'
Slack : -1.000
TNS   : -1.000

Type  : Fast 1200mV 0C Model Minimum Pulse Width 'clk_multiplier:clkm2|inst9'
Slack : -1.000
TNS   : -1.000

Type  : Fast 1200mV 0C Model Minimum Pulse Width 'clk_multiplier:clkm3|inst'
Slack : -1.000
TNS   : -1.000

Type  : Fast 1200mV 0C Model Minimum Pulse Width 'clk_multiplier:clkm3|inst1'
Slack : -1.000
TNS   : -1.000

Type  : Fast 1200mV 0C Model Minimum Pulse Width 'clk_multiplier:clkm3|inst2'
Slack : -1.000
TNS   : -1.000

Type  : Fast 1200mV 0C Model Minimum Pulse Width 'clk_multiplier:clkm3|inst7'
Slack : -1.000
TNS   : -1.000

Type  : Fast 1200mV 0C Model Minimum Pulse Width 'clk_multiplier:clkm3|inst8'
Slack : -1.000
TNS   : -1.000

Type  : Fast 1200mV 0C Model Minimum Pulse Width 'clk_multiplier:clkm3|inst9'
Slack : -1.000
TNS   : -1.000

Type  : Fast 1200mV 0C Model Minimum Pulse Width 'controller:ctrl|as.S6'
Slack : 0.124
TNS   : 0.000

Type  : Fast 1200mV 0C Model Minimum Pulse Width 'controller:ctrl|as.S5'
Slack : 0.233
TNS   : 0.000

------------------------------------------------------------
